// Jest Snapshot v1, https://goo.gl/fbAQLP

exports[`Preferred Contacts renders correctly 1`] = `
<div>
  <div>
    Main telephone: +44 800873431
  </div>
  <div>
    Welsh language: +44 800873432
  </div>
  <div>
    Textphone: +44 800873433
  </div>
  <div>
    Outside UK: +44 800873434
  </div>
  <div>
    WhatsApp: +44 800873435
  </div>
  <div>
    Email: 
    preferred@email.com
  </div>
  <div>
    Website:
     
    <a
      class="inline items-center gap-2 text-pink-600 visited:text-purple-700 focus:text-gray-800 focus:bg-yellow-200 focus:shadow-link-focus focus-within:outline-0 underline hover:no-underline focus:no-underline cursor-pointer active:text-gray-800 active:underline active:bg-transparent active:shadow-none"
      href="https://preferredurl.co.uk"
      target="_blank"
    >
      https://preferredurl.co.uk
      <span
        class="sr-only"
      >
         (opens in a new window) 
      </span>
      <svgr-mock
        classname="inline ml-[6px] mr-[2px]"
      />
    </a>
  </div>
  <div>
    <p>
      Preferred address
    </p>
    <p>
      Line 1 Address
    </p>
    <p>
      Line 2 Address
    </p>
    <p>
      Line 3 Address
    </p>
    <p>
      Line 4 Address
    </p>
    <p>
      Line 5 Address
    </p>
    <p>
      Postcode
    </p>
    <p>
      United Kingdom
    </p>
  </div>
  <div>
    <p>
      Preferred address - France
    </p>
    <p>
      Line 1 Address
    </p>
    <p>
      Line 2 Address
    </p>
    <p>
      Line 3 Address
    </p>
    <p>
      Postcode
    </p>
    <p>
      France
    </p>
  </div>
</div>
`;

exports[`Preferred Contacts renders no preferred contacts correctly 1`] = `<div />`;
