// Jest Snapshot v1, https://goo.gl/fbAQLP

exports[`PensionsList renders correctly 1`] = `
<div>
  <ul>
    <li
      class="flex items-center gap-2 mt-4"
    >
      <span
        class="w-[24px] h-[24px]"
      >
        <svgr-mock
          classname=""
        />
      </span>
      State Pension
    </li>
    <li
      class="flex items-center gap-2 mt-4"
    >
      <span
        class="w-[24px] h-[24px]"
      >
        <svgr-mock
          classname=""
        />
      </span>
      Your Pension
    </li>
  </ul>
</div>
`;
