// Jest Snapshot v1, https://goo.gl/fbAQLP

exports[`RubyIFrame component renders correctly 1`] = `
<iframe
  class="w-full"
  data-testid="test-component"
  height="0"
  id="leave-pot-untouched"
  src="https://embedded-journeys.moneyhelper.org.uk/en/leave-pot-untouched"
  title="leave-pot-untouched"
/>
`;
