// Jest Snapshot v1, https://goo.gl/fbAQLP

exports[`Loader Component renders initial text and progress bar 1`] = `
<div
  data-testid="loader"
>
  <div
    data-testid="intro-text"
  >
    <p
      class="text-2xl text-center"
    >
      This typically takes 
      80
       seconds. Thank you for your patience.
    </p>
    <p
      class="text-2xl text-center"
    >
      We're searching 3000 pension schemes and providers for your pensions.
    </p>
  </div>
  <p
    class="text-center font-bold mt-8"
  >
    Do not refresh or close the page.
  </p>
  <div
    class="max-w-[460px] mx-auto mb-20 mt-10 block"
  >
    <div
      class=""
      data-testid="progress"
    >
      <label
        class="block text-center text-blue-800 font-bold text-4xl mb-6"
        for="progress"
      >
        0% complete
      </label>
      <progress
        aria-valuemax="100"
        aria-valuemin="0"
        aria-valuenow="0"
        class="w-full border-2 bg-white border-slate-400 rounded-full h-[18px] shadow-bottom-slate overflow-hidden [&::-webkit-progress-bar]:bg-white [&::-webkit-progress-value]:rounded-full [&::-moz-progress-bar]:rounded-full [&::-webkit-progress-value]:bg-pink-600 [&::-moz-progress-bar]:bg-pink-600"
        id="progress"
        max="100"
        value="0"
      />
    </div>
  </div>
  <div
    class="my-10"
    data-testid="lower-text"
  >
    <div
      data-testid="carousel"
    />
  </div>
</div>
`;
